these 3 derivations will be built:
  /nix/store/lczp9yj58v4wzy65iiw32c1jmdad8zmk-conformance-0.1.0.drv
  /nix/store/349rdgxy1cjvnlcrb7h3phsz2fjljh71-runtime-deps.drv
  /nix/store/dwcvx06xssgzh0i5vihrjks0xyvj9z48-initramfs.drv
building '/nix/store/lczp9yj58v4wzy65iiw32c1jmdad8zmk-conformance-0.1.0.drv'...
building '/nix/store/349rdgxy1cjvnlcrb7h3phsz2fjljh71-runtime-deps.drv'...
structuredAttrs is enabled
building '/nix/store/dwcvx06xssgzh0i5vihrjks0xyvj9z48-initramfs.drv'...
/nix/store/0f18z3kq1bixx3zwavvq8kdap66c4r15-initramfs
this derivation will be built:
  /nix/store/83j92jj1sbz2h9a6il446mq8cn6hs1h9-initramfs-image.drv
building '/nix/store/83j92jj1sbz2h9a6il446mq8cn6hs1h9-initramfs-image.drv'...
/build/tmp.2cHYCgqYqu /build
442396 blocks
/build
/nix/store/r6vsw2ql521sab00zvsa0kqp23pc9zq7-initramfs-image
[Info] [normal] Forwarded QEMU guest port: 27635->22; 31430->8080 22944->6379 10986->5201 24945->31234 54095->31236 57005->11211
[Info] [test] Forwarded QEMU guest port: 16246->22; 38256->8080 19844->6379 30650->5201 13980->31234 23204->31236 32428->11211
warning: unstable feature specified for `-Ctarget-feature`: `ermsb`
  |
  = note: this feature is not stably supported; its behavior can change in the future

warning: `align_ext` (lib) generated 1 warning
warning: `linux-boot-params` (lib) generated 1 warning (1 duplicate)
warning: `ostd-test` (lib) generated 1 warning (1 duplicate)
warning: `typeflags-util` (lib) generated 1 warning (1 duplicate)
warning: `jhash` (lib) generated 1 warning (1 duplicate)
warning: `io-util` (lib) generated 1 warning (1 duplicate)
warning: `logo-ascii-art` (lib) generated 1 warning (1 duplicate)
warning: `keyable-arc` (lib) generated 1 warning (1 duplicate)
warning: `sparse-id-alloc` (lib) generated 1 warning (1 duplicate)
warning: `int-to-c-enum` (lib) generated 1 warning (1 duplicate)
warning: `id-alloc` (lib) generated 1 warning (1 duplicate)
warning: `aster-rights` (lib) generated 1 warning (1 duplicate)
warning: `ostd-pod` (lib) generated 1 warning (1 duplicate)
warning: `cpio-decoder` (lib) generated 1 warning (1 duplicate)
warning: `ostd` (lib) generated 1 warning (1 duplicate)
warning: `component` (lib) generated 1 warning (1 duplicate)
warning: `osdk-heap-allocator` (lib) generated 1 warning (1 duplicate)
warning: `aster-console` (lib) generated 1 warning (1 duplicate)
warning: `aster-input` (lib) generated 1 warning (1 duplicate)
warning: `aster-pci` (lib) generated 1 warning (1 duplicate)
warning: `aster-cmdline` (lib) generated 1 warning (1 duplicate)
warning: `aster-fuse` (lib) generated 1 warning (1 duplicate)
warning: `ring-buffer` (lib) generated 1 warning (1 duplicate)
warning: `osdk-frame-allocator` (lib) generated 1 warning (1 duplicate)
warning: `xarray` (lib) generated 1 warning (1 duplicate)
warning: `aster-util` (lib) generated 1 warning (1 duplicate)
warning: `aster-uart` (lib) generated 1 warning (1 duplicate)
warning: `aster-logger` (lib) generated 1 warning (1 duplicate)
warning: `aster-i8042` (lib) generated 1 warning (1 duplicate)
warning: `aster-framebuffer` (lib) generated 1 warning (1 duplicate)
warning: `device-id` (lib) generated 1 warning (1 duplicate)
warning: `aster-softirq` (lib) generated 1 warning (1 duplicate)
warning: `aster-systree` (lib) generated 1 warning (1 duplicate)
warning: `aster-time` (lib) generated 1 warning (1 duplicate)
warning: `aster-block` (lib) generated 1 warning (1 duplicate)
warning: `aster-bigtcp` (lib) generated 1 warning (1 duplicate)
warning: `aster-network` (lib) generated 1 warning (1 duplicate)
warning: `aster-nvme` (lib) generated 1 warning (1 duplicate)
warning: `aster-mlsdisk` (lib) generated 1 warning (1 duplicate)
warning: `aster-virtio` (lib) generated 1 warning (1 duplicate)
warning: `aster-kernel` (lib) generated 1 warning (1 duplicate)
warning: `aster-kernel-osdk-bin` (bin "aster-kernel-osdk-bin") generated 1 warning (1 duplicate)
    Finished `dev` profile [unoptimized + debuginfo] target(s) in 0.13s
grub-mkrescue: warning: cannot open directory `/usr/local/grub/share/locale': No such file or directory.
xorriso 1.5.6 : RockRidge filesystem manipulator, libburnia project.

Drive current: -outdev 'stdio:/root/asterinas/.worktrees/run-atDPcd/target/osdk/aster-kernel-osdk-bin.iso'
Media current: stdio file, overwriteable
Media status : is blank
Media summary: 0 sessions, 0 data blocks, 0 data, 1451g free
Added to ISO image: directory '/'='/tmp/grub.RQklr0'
xorriso : UPDATE :     298 files added in 1 seconds
Added to ISO image: directory '/'='/root/asterinas/.worktrees/run-atDPcd/target/osdk/iso_root'
xorriso : UPDATE :     303 files added in 1 seconds
xorriso : UPDATE :  40.54% done
ISO image produced: 114539 sectors
Written to medium : 114539 sectors at LBA 0
Writing to 'stdio:/root/asterinas/.worktrees/run-atDPcd/target/osdk/aster-kernel-osdk-bin.iso' completed successfully.

qemu-system-x86_64: warning: host doesn't support requested feature: CPUID[eax=07h,ecx=00h].EBX.hle [bit 4]
qemu-system-x86_64: warning: host doesn't support requested feature: CPUID[eax=07h,ecx=00h].EBX.erms [bit 9]
qemu-system-x86_64: warning: host doesn't support requested feature: CPUID[eax=07h,ecx=00h].EBX.rtm [bit 11]
qemu-system-x86_64: warning: host doesn't support requested feature: CPUID[eax=07h,ecx=00h].EBX.avx512f [bit 16]
qemu-system-x86_64: warning: host doesn't support requested feature: CPUID[eax=07h,ecx=00h].EBX.avx512dq [bit 17]
qemu-system-x86_64: warning: host doesn't support requested feature: CPUID[eax=07h,ecx=00h].EBX.avx512cd [bit 28]
qemu-system-x86_64: warning: host doesn't support requested feature: CPUID[eax=07h,ecx=00h].EBX.avx512bw [bit 30]
qemu-system-x86_64: warning: host doesn't support requested feature: CPUID[eax=07h,ecx=00h].EBX.avx512vl [bit 31]
qemu-system-x86_64: warning: host doesn't support requested feature: CPUID[eax=07h,ecx=00h].ECX.avx512vbmi [bit 1]
qemu-system-x86_64: warning: host doesn't support requested feature: CPUID[eax=07h,ecx=00h].ECX.avx512vbmi2 [bit 6]
qemu-system-x86_64: warning: host doesn't support requested feature: CPUID[eax=07h,ecx=00h].ECX.gfni [bit 8]
qemu-system-x86_64: warning: host doesn't support requested feature: CPUID[eax=07h,ecx=00h].ECX.avx512vnni [bit 11]
qemu-system-x86_64: warning: host doesn't support requested feature: CPUID[eax=07h,ecx=00h].ECX.avx512bitalg [bit 12]
qemu-system-x86_64: warning: host doesn't support requested feature: CPUID[eax=07h,ecx=00h].ECX.avx512-vpopcntdq [bit 14]
qemu-system-x86_64: warning: host doesn't support requested feature: CPUID[eax=07h,ecx=00h].ECX.la57 [bit 16]
[2J[01;01H[=3h[2J[01;01H[2J[01;01H[8;042;160t0[2J[01;01H[2J[01;01H[8;056;240t0[2J[01;01H[2J[01;01H[8;042;160t0[2J[01;01H[2J[01;01H[8;056;240t0[2J[01;01HBdsDxe: loading Boot0002 "UEFI QEMU DVD-ROM QM00005 " from PciRoot(0x0)/Pci(0x1F,0x2)/Sata(0x2,0xFFFF,0x0)
BdsDxe: starting Boot0002 "UEFI QEMU DVD-ROM QM00005 " from PciRoot(0x0)/Pci(0x1F,0x2)/Sata(0x2,0xFFFF,0x0)
WARNING: no console will be available to OS
Spawn the first kernel thread
[kernel] unpacking initramfs.cpio.gz to rootfs ...
[kernel] rootfs is ready

                                  [38;2;87;180;249m.[39m[38;2;89;185;249m.[39m[38;2;91;189;250m.[39m[38;2;93;193;250m.[39m[38;2;94;197;250m.[39m[38;2;96;201;250m.[39m
                                [38;2;83;172;249m.[39m[38;2;85;176;249m-[39m[38;2;87;180;249m+[39m[38;2;89;185;249m+[39m[38;2;91;189;250m+[39m[38;2;93;193;250m+[39m[38;2;94;197;250m=[39m[38;2;96;201;250m:[39m
                               [38;2;82;168;249m.[39m[38;2;83;172;249m=[39m[38;2;85;176;249m+[39m[38;2;87;180;249m+[39m[38;2;89;185;249m+[39m[38;2;91;189;250m+[39m[38;2;93;193;250m+[39m[38;2;94;197;250m=[39m[38;2;96;201;250m:[39m
                              [38;2;80;163;249m:[39m[38;2;82;168;249m+[39m[38;2;83;172;249m+[39m[38;2;85;176;249m+[39m[38;2;87;180;249m+[39m[38;2;89;185;249m+[39m[38;2;91;189;250m+[39m[38;2;93;193;250m+[39m[38;2;94;197;250m=[39m[38;2;96;201;250m:[39m
                            [38;2;76;155;248m.[39m[38;2;78;159;248m-[39m[38;2;80;163;249m+[39m[38;2;82;168;249m+[39m[38;2;83;172;249m+[39m[38;2;85;176;249m+[39m[38;2;87;180;249m+[39m[38;2;89;185;249m+[39m[38;2;91;189;250m+[39m[38;2;93;193;250m+[39m[38;2;94;197;250m=[39m[38;2;96;201;250m.[39m
                           [38;2;74;151;248m.[39m[38;2;76;155;248m=[39m[38;2;78;159;248m*[39m[38;2;80;163;249m*[39m[38;2;82;168;249m+[39m[38;2;83;172;249m+[39m[38;2;85;176;249m=[39m[38;2;87;180;249m=[39m[38;2;89;185;249m+[39m[38;2;91;189;250m+[39m[38;2;93;193;250m+[39m[38;2;94;197;250m=[39m[38;2;96;201;250m.[39m
                          [38;2;73;147;248m:[39m[38;2;74;151;248m*[39m[38;2;76;155;248m*[39m[38;2;78;159;248m*[39m[38;2;80;163;249m*[39m[38;2;82;168;249m+[39m[38;2;83;172;249m-[39m[38;2;85;176;249m.[39m[38;2;87;180;249m=[39m[38;2;89;185;249m+[39m[38;2;91;189;250m+[39m[38;2;93;193;250m+[39m[38;2;94;197;250m=[39m[38;2;96;201;250m.[39m
                        [38;2;69;138;248m.[39m[38;2;71;142;248m=[39m[38;2;73;147;248m*[39m[38;2;74;151;248m*[39m[38;2;76;155;248m*[39m[38;2;78;159;248m*[39m[38;2;80;163;249m+[39m[38;2;82;168;249m:[39m [38;2;85;176;249m.[39m[38;2;87;180;249m+[39m[38;2;89;185;249m+[39m[38;2;91;189;250m+[39m[38;2;93;193;250m+[39m[38;2;94;197;250m=[39m[38;2;96;201;250m.[39m
                       [38;2;67;134;248m.[39m[38;2;69;138;248m+[39m[38;2;71;142;248m*[39m[38;2;73;147;248m*[39m[38;2;74;151;248m*[39m[38;2;76;155;248m*[39m[38;2;78;159;248m=[39m[38;2;80;163;249m.[39m  [38;2;85;176;249m.[39m[38;2;87;180;249m+[39m[38;2;89;185;249m+[39m[38;2;91;189;250m+[39m[38;2;93;193;250m+[39m[38;2;94;197;250m-[39m
                     [38;2;63;125;247m.[39m[38;2;65;130;247m-[39m[38;2;67;134;248m*[39m[38;2;69;138;248m*[39m[38;2;71;142;248m*[39m[38;2;73;147;248m*[39m[38;2;74;151;248m*[39m[38;2;76;155;248m=[39m[38;2;78;159;248m.[39m   [38;2;85;176;249m:[39m[38;2;87;180;249m+[39m[38;2;89;185;249m+[39m[38;2;91;189;250m+[39m[38;2;93;193;250m+[39m[38;2;94;197;250m-[39m
    [38;2;33;54;245m.[39m[38;2;34;58;245m:[39m[38;2;36;62;245m:[39m[38;2;38;66;245m-[39m[38;2;40;70;245m=[39m[38;2;42;75;245m=[39m[38;2;43;79;245m=[39m[38;2;45;83;246m=[39m[38;2;47;87;246m=[39m[38;2;49;92;246m=[39m[38;2;51;96;246m=[39m[38;2;53;100;246m=[39m[38;2;54;104;246m=[39m[38;2;56;108;247m=[39m[38;2;58;113;247m=[39m[38;2;60;117;247m=[39m[38;2;62;121;247m=[39m[38;2;63;125;247m+[39m[38;2;65;130;247m*[39m[38;2;67;134;248m*[39m[38;2;69;138;248m*[39m[38;2;71;142;248m*[39m[38;2;73;147;248m*[39m[38;2;74;151;248m+[39m[38;2;76;155;248m-[39m[38;2;78;159;248m-[39m[38;2;80;163;249m-[39m[38;2;82;168;249m-[39m[38;2;83;172;249m-[39m[38;2;85;176;249m=[39m[38;2;87;180;249m+[39m[38;2;89;185;249m+[39m[38;2;91;189;250m+[39m[38;2;93;193;250m+[39m[38;2;94;197;250m=[39m[38;2;96;201;250m-[39m[38;2;98;206;250m:[39m[38;2;100;210;250m:[39m[38;2;102;214;251m:[39m[38;2;103;218;251m:[39m[38;2;105;223;251m:[39m[38;2;107;227;251m:[39m[38;2;109;231;251m:[39m[38;2;111;235;251m.[39m
        [38;2;40;70;245m.[39m[38;2;42;75;245m.[39m[38;2;43;79;245m:[39m[38;2;45;83;246m-[39m[38;2;47;87;246m*[39m[38;2;49;92;246m#[39m[38;2;51;96;246m#[39m[38;2;53;100;246m#[39m[38;2;54;104;246m#[39m[38;2;56;108;247m#[39m[38;2;58;113;247m#[39m[38;2;60;117;247m#[39m[38;2;62;121;247m#[39m[38;2;63;125;247m#[39m[38;2;65;130;247m*[39m[38;2;67;134;248m*[39m[38;2;69;138;248m*[39m[38;2;71;142;248m*[39m[38;2;73;147;248m*[39m[38;2;74;151;248m*[39m[38;2;76;155;248m*[39m[38;2;78;159;248m*[39m[38;2;80;163;249m*[39m[38;2;82;168;249m+[39m[38;2;83;172;249m+[39m[38;2;85;176;249m+[39m[38;2;87;180;249m+[39m[38;2;89;185;249m+[39m[38;2;91;189;250m+[39m[38;2;93;193;250m+[39m[38;2;94;197;250m=[39m[38;2;96;201;250m=[39m[38;2;98;206;250m=[39m[38;2;100;210;250m=[39m[38;2;102;214;251m=[39m[38;2;103;218;251m=[39m[38;2;105;223;251m=[39m[38;2;107;227;251m:[39m[38;2;109;231;251m.[39m
              [38;2;51;96;246m.[39m[38;2;53;100;246m:[39m[38;2;54;104;246m+[39m[38;2;56;108;247m*[39m[38;2;58;113;247m#[39m[38;2;60;117;247m#[39m[38;2;62;121;247m#[39m[38;2;63;125;247m#[39m[38;2;65;130;247m#[39m[38;2;67;134;248m*[39m[38;2;69;138;248m*[39m[38;2;71;142;248m*[39m[38;2;73;147;248m*[39m[38;2;74;151;248m+[39m[38;2;76;155;248m+[39m[38;2;78;159;248m+[39m[38;2;80;163;249m+[39m[38;2;82;168;249m+[39m[38;2;83;172;249m+[39m[38;2;85;176;249m+[39m[38;2;87;180;249m+[39m[38;2;89;185;249m+[39m[38;2;91;189;250m+[39m[38;2;93;193;250m+[39m[38;2;94;197;250m=[39m[38;2;96;201;250m=[39m[38;2;98;206;250m=[39m[38;2;100;210;250m=[39m[38;2;102;214;251m=[39m[38;2;103;218;251m-[39m[38;2;105;223;251m.[39m[38;2;107;227;251m.[39m
                 [38;2;56;108;247m.[39m[38;2;58;113;247m.[39m[38;2;60;117;247m-[39m[38;2;62;121;247m+[39m[38;2;63;125;247m#[39m[38;2;65;130;247m*[39m[38;2;67;134;248m*[39m[38;2;69;138;248m*[39m[38;2;71;142;248m*[39m[38;2;73;147;248m*[39m[38;2;74;151;248m*[39m[38;2;76;155;248m=[39m[38;2;78;159;248m.[39m[38;2;80;163;249m.[39m  [38;2;85;176;249m-[39m[38;2;87;180;249m+[39m[38;2;89;185;249m+[39m[38;2;91;189;250m+[39m[38;2;93;193;250m+[39m[38;2;94;197;250m.[39m
                [38;2;54;104;246m-[39m[38;2;56;108;247m+[39m[38;2;58;113;247m=[39m[38;2;60;117;247m.[39m[38;2;62;121;247m.[39m[38;2;63;125;247m.[39m[38;2;65;130;247m:[39m[38;2;67;134;248m*[39m[38;2;69;138;248m*[39m[38;2;71;142;248m*[39m[38;2;73;147;248m*[39m[38;2;74;151;248m*[39m[38;2;76;155;248m*[39m[38;2;78;159;248m*[39m[38;2;80;163;249m=[39m[38;2;82;168;249m.[39m[38;2;83;172;249m.[39m[38;2;85;176;249m=[39m[38;2;87;180;249m+[39m[38;2;89;185;249m+[39m[38;2;91;189;250m+[39m[38;2;93;193;250m+[39m[38;2;94;197;250m.[39m
              [38;2;51;96;246m.[39m[38;2;53;100;246m+[39m[38;2;54;104;246m*[39m[38;2;56;108;247m+[39m[38;2;58;113;247m+[39m[38;2;60;117;247m+[39m[38;2;62;121;247m=[39m[38;2;63;125;247m.[39m [38;2;67;134;248m.[39m[38;2;69;138;248m.[39m[38;2;71;142;248m=[39m[38;2;73;147;248m*[39m[38;2;74;151;248m*[39m[38;2;76;155;248m*[39m[38;2;78;159;248m*[39m[38;2;80;163;249m*[39m[38;2;82;168;249m+[39m[38;2;83;172;249m-[39m[38;2;85;176;249m=[39m[38;2;87;180;249m+[39m[38;2;89;185;249m+[39m[38;2;91;189;250m+[39m[38;2;93;193;250m+[39m[38;2;94;197;250m.[39m
            [38;2;47;87;246m.[39m[38;2;49;92;246m:[39m[38;2;51;96;246m*[39m[38;2;53;100;246m*[39m[38;2;54;104;246m*[39m[38;2;56;108;247m+[39m[38;2;58;113;247m=[39m[38;2;60;117;247m.[39m[38;2;62;121;247m.[39m     [38;2;73;147;248m.[39m[38;2;74;151;248m-[39m[38;2;76;155;248m+[39m[38;2;78;159;248m*[39m[38;2;80;163;249m*[39m[38;2;82;168;249m+[39m[38;2;83;172;249m+[39m[38;2;85;176;249m+[39m[38;2;87;180;249m+[39m[38;2;89;185;249m+[39m[38;2;91;189;250m+[39m[38;2;93;193;250m=[39m[38;2;94;197;250m.[39m
           [38;2;45;83;246m.[39m[38;2;47;87;246m-[39m[38;2;49;92;246m*[39m[38;2;51;96;246m*[39m[38;2;53;100;246m*[39m[38;2;54;104;246m+[39m[38;2;56;108;247m:[39m          [38;2;76;155;248m.[39m[38;2;78;159;248m-[39m[38;2;80;163;249m+[39m[38;2;82;168;249m+[39m[38;2;83;172;249m+[39m[38;2;85;176;249m+[39m[38;2;87;180;249m+[39m[38;2;89;185;249m+[39m[38;2;91;189;250m+[39m[38;2;93;193;250m=[39m
          [38;2;43;79;245m.[39m[38;2;45;83;246m*[39m[38;2;47;87;246m#[39m[38;2;49;92;246m*[39m[38;2;51;96;246m=[39m[38;2;53;100;246m.[39m              [38;2;80;163;249m.[39m[38;2;82;168;249m=[39m[38;2;83;172;249m+[39m[38;2;85;176;249m+[39m[38;2;87;180;249m+[39m[38;2;89;185;249m+[39m[38;2;91;189;250m+[39m[38;2;93;193;250m=[39m
        [38;2;40;70;245m.[39m[38;2;42;75;245m-[39m[38;2;43;79;245m*[39m[38;2;45;83;246m#[39m[38;2;47;87;246m+[39m[38;2;49;92;246m.[39m[38;2;51;96;246m.[39m                [38;2;82;168;249m.[39m[38;2;83;172;249m:[39m[38;2;85;176;249m=[39m[38;2;87;180;249m+[39m[38;2;89;185;249m+[39m[38;2;91;189;250m+[39m[38;2;93;193;250m-[39m
       [38;2;38;66;245m.[39m[38;2;40;70;245m=[39m[38;2;42;75;245m#[39m[38;2;43;79;245m=[39m[38;2;45;83;246m.[39m                     [38;2;85;176;249m.[39m[38;2;87;180;249m=[39m[38;2;89;185;249m+[39m[38;2;91;189;250m+[39m[38;2;93;193;250m-[39m
      [38;2;36;62;245m:[39m[38;2;38;66;245m*[39m[38;2;40;70;245m=[39m[38;2;42;75;245m.[39m                         [38;2;89;185;249m.[39m[38;2;91;189;250m.[39m[38;2;93;193;250m.[39m
    [38;2;33;54;245m.[39m[38;2;34;58;245m:[39m[38;2;36;62;245m-[39m[38;2;38;66;245m.[39m [38;2;42;75;245mP[39m[38;2;43;79;245mr[39m[38;2;45;83;246me[39m[38;2;47;87;246ms[39m[38;2;49;92;246me[39m[38;2;51;96;246mn[39m[38;2;53;100;246mt[39m[38;2;54;104;246me[39m[38;2;56;108;247md[39m [38;2;60;117;247mb[39m[38;2;62;121;247my[39m [38;2;65;130;247mt[39m[38;2;67;134;248mh[39m[38;2;69;138;248me[39m [38;2;73;147;248mA[39m[38;2;74;151;248ms[39m[38;2;76;155;248mt[39m[38;2;78;159;248me[39m[38;2;80;163;249mr[39m[38;2;82;168;249mi[39m[38;2;83;172;249mn[39m[38;2;85;176;249ma[39m[38;2;87;180;249ms[39m [38;2;91;189;250md[39m[38;2;93;193;250me[39m[38;2;94;197;250mv[39m[38;2;96;201;250me[39m[38;2;98;206;250ml[39m[38;2;100;210;250mo[39m[38;2;102;214;251mp[39m[38;2;103;218;251me[39m[38;2;105;223;251mr[39m[38;2;107;227;251ms[39m
    [38;2;33;54;245m.[39m[38;2;34;58;245m.[39m [38;2;38;66;245mR[39m[38;2;40;70;245me[39m[38;2;42;75;245ml[39m[38;2;43;79;245me[39m[38;2;45;83;246ma[39m[38;2;47;87;246ms[39m[38;2;49;92;246me[39m[38;2;51;96;246md[39m [38;2;54;104;246mu[39m[38;2;56;108;247mn[39m[38;2;58;113;247md[39m[38;2;60;117;247me[39m[38;2;62;121;247mr[39m [38;2;65;130;247mM[39m[38;2;67;134;248mo[39m[38;2;69;138;248mz[39m[38;2;71;142;248mi[39m[38;2;73;147;248ml[39m[38;2;74;151;248ml[39m[38;2;76;155;248ma[39m [38;2;80;163;249mP[39m[38;2;82;168;249mu[39m[38;2;83;172;249mb[39m[38;2;85;176;249ml[39m[38;2;87;180;249mi[39m[38;2;89;185;249mc[39m [38;2;93;193;250mL[39m[38;2;94;197;250mi[39m[38;2;96;201;250mc[39m[38;2;98;206;250me[39m[38;2;100;210;250mn[39m[38;2;102;214;251ms[39m[38;2;103;218;251me[39m [38;2;107;227;251mv[39m[38;2;109;231;251m2[39m[38;2;111;235;251m.[39m[38;2;113;240;252m0[39m

Running LTP syscall tests...
Host information
	Hostname:   (none)
	Python:     3.12.10 (main, Apr  8 2025, 11:35:47) [GCC 14.2.1 20250322]
	Directory:  /tmp/kirk.root/tmp7xg93b2x

Connecting to SUT: default

Suite: syscalls
───────────────
access02: pass  (0.100s)
access03: pass  (0.032s)
alarm03: pass  (0.018s)
alarm05: pass  (2.065s)
alarm06: pass  (3.020s)
alarm07: pass  (3.026s)
bind03: pass  (0.014s)
bind04: skip  (0.025s)
capget02: pass  (0.014s)
capset03: pass  (0.013s)
capset04: pass  (0.018s)
chdir02: pass  (1.103s)
chdir04: pass  (0.014s)
chmod01: pass  (0.021s)
chmod03: pass  (0.015s)
chmod07: pass  (0.014s)
chmod08: pass  (0.013s)
chown01: pass  (0.014s)
chown05: pass  (0.014s)
chroot02: pass  (0.019s)
clock_nanosleep01: skip  (1.543s)
clock_nanosleep04: pass  (0.060s)
clone01: pass  (0.018s)
clone02: pass  (0.013s)
clone03: pass  (0.017s)
clone04: pass  (0.013s)
clone05: pass  (0.215s)
clone06: pass  (0.018s)
clone07: pass  (0.017s)
clone10: pass  (0.025s)
clone304: skip  (0.013s)
close01: pass  (0.014s)
close02: pass  (0.013s)
close_range02: pass  (0.018s)
confstr01: pass  (0.015s)
creat01: pass  (0.014s)
creat03: pass  (0.014s)
dup01: pass  (0.016s)
dup02: pass  (0.012s)
dup04: pass  (0.014s)
dup05: pass  (0.014s)
dup07: pass  (0.014s)
dup202: pass  (0.014s)
dup203: pass  (0.014s)
dup204: pass  (0.013s)
dup205: pass  (0.020s)
dup206: pass  (0.013s)
dup207: pass  (0.015s)
dup3_01: pass  (0.013s)
dup3_02: pass  (0.013s)
epoll_create01: pass  (0.017s)
epoll_create02: pass  (0.017s)
epoll_create1_01: pass  (0.013s)
epoll_create1_02: pass  (0.013s)
epoll01: pass  (52.426s)
epoll_ctl01: pass  (0.013s)
epoll_ctl03: pass  (0.017s)
epoll_wait01: pass  (0.015s)
epoll_wait03: pass  (0.014s)
epoll_wait04: pass  (0.013s)
epoll_wait07: pass  (0.013s)
epoll_pwait01: pass  (0.087s)
epoll_pwait02: pass  (0.018s)
epoll_pwait04: pass  (0.018s)
epoll_pwait05: pass  (0.013s)
epoll_pwait06: skip  (1.937s)
eventfd2_01: pass  (0.012s)
eventfd2_02: pass  (0.012s)
eventfd2_03: pass  (0.022s)
exit01: pass  (0.010s)
exit02: pass  (0.018s)
exit_group01: pass  (0.119s)
faccessat01: pass  (0.014s)
faccessat02: pass  (0.013s)
faccessat201: pass  (0.014s)
fallocate01: pass  (0.007s)
fallocate03: pass  (0.014s)
posix_fadvise02: pass  (0.013s)
posix_fadvise02_64: pass  (0.013s)
posix_fadvise03: pass  (0.014s)
posix_fadvise03_64: pass  (0.013s)
fchdir01: pass  (0.014s)
fchdir02: pass  (0.012s)
fchmod01: pass  (0.014s)
fchmod02: pass  (0.015s)
fchmod03: pass  (0.014s)
fchmod04: pass  (0.014s)
fchmodat01: pass  (0.014s)
fchmodat02: pass  (0.015s)
fchmodat2_02: pass  (0.014s)
fchown01: pass  (0.013s)
fchown05: pass  (0.014s)
fchownat01: pass  (0.014s)
fchownat02: pass  (0.014s)
fcntl01: pass  (0.007s)
fcntl01_64: pass  (0.008s)
fcntl02: pass  (0.014s)
fcntl02_64: pass  (0.014s)
fcntl03: pass  (0.013s)
fcntl03_64: pass  (0.013s)
fcntl04: pass  (0.013s)
fcntl04_64: pass  (0.013s)
fcntl05: pass  (0.013s)
fcntl05_64: pass  (0.014s)
fcntl08: pass  (0.014s)
fcntl08_64: pass  (0.013s)
fcntl09: pass  (0.007s)
fcntl09_64: pass  (0.007s)
fcntl10: pass  (0.008s)
fcntl10_64: pass  (0.007s)
fcntl13: pass  (0.012s)
fcntl13_64: pass  (0.012s)
fcntl14: pass  (41.901s)
fcntl14_64: pass  (42.053s)
fcntl16: pass  (0.010s)
fcntl16_64: pass  (0.010s)
fcntl22: pass  (0.012s)
fcntl22_64: pass  (0.012s)
fcntl29: pass  (0.013s)
fcntl29_64: pass  (0.013s)
fdatasync01: pass  (0.006s)
fgetxattr03: pass  (0.014s)
flistxattr01: pass  (0.013s)
flistxattr02: pass  (0.013s)
flistxattr03: pass  (0.014s)
flock01: pass  (0.014s)
flock02: pass  (0.015s)
flock03: pass  (0.021s)
flock04: pass  (0.032s)
flock06: pass  (0.013s)
flock07: pass  (1.028s)
fmtmsg01: pass  (0.007s)
fork01: pass  (0.018s)
fork03: pass  (0.017s)
fork04: pass  (0.020s)
fork06: pass  (3.926s)
fork07: pass  (0.425s)
fork08: pass  (0.022s)
fork09: pass  (0.143s)
fork10: pass  (0.022s)
fork11: pass  (0.407s)
fpathconf01: pass  (0.013s)
fsconfig01: skip  (0.016s)
fsconfig02: skip  (0.008s)
fsmount01: pass  (0.033s)
fsmount02: pass  (0.017s)
fsopen01: pass  (0.017s)
fsopen02: skip  (0.008s)
fstat02: pass  (0.013s)
fstat02_64: pass  (0.014s)
fstat03: pass  (0.023s)
fstat03_64: pass  (0.022s)
fstatat01: pass  (0.007s)
fstatfs02: pass  (0.022s)
fstatfs02_64: pass  (0.022s)
fsync02: pass  (0.074s)
ftruncate01: pass  (0.013s)
ftruncate01_64: pass  (0.014s)
ftruncate03: pass  (0.013s)
ftruncate03_64: pass  (0.014s)
futimesat01: pass  (0.008s)
getcontext01: pass  (0.013s)
getcpu02: pass  (0.022s)
getcwd02: pass  (0.013s)
getcwd03: pass  (0.014s)
getdomainname01: pass  (0.013s)
getegid01: pass  (0.014s)
getegid02: pass  (0.013s)
geteuid01: pass  (0.013s)
geteuid02: pass  (0.013s)
getgid01: pass  (0.013s)
getgid03: pass  (0.013s)
getgroups01: pass  (0.007s)
getgroups03: pass  (0.006s)
gethostbyname_r01: pass  (0.013s)
gethostid01: pass  (0.014s)
gethostname01: pass  (0.013s)
gethostname02: pass  (0.013s)
getitimer01: pass  (0.013s)
getitimer02: pass  (0.013s)
getpagesize01: pass  (0.013s)
getpgid01: pass  (0.018s)
getpgrp01: pass  (0.013s)
getpid02: pass  (0.018s)
getppid02: pass  (0.017s)
getpriority01: pass  (0.013s)
getpriority02: pass  (0.013s)
getrandom01: pass  (0.013s)
getrandom02: pass  (0.012s)
getrandom03: pass  (0.013s)
getrandom04: pass  (0.013s)
getrandom05: skip  (0.020s)
getresgid01: pass  (0.005s)
getresgid02: pass  (0.007s)
getresgid03: pass  (0.007s)
getresuid01: pass  (0.007s)
getresuid02: pass  (0.006s)
getresuid03: pass  (0.007s)
getrlimit01: pass  (0.012s)
getrlimit02: pass  (0.012s)
getrlimit03: pass  (0.013s)
getrusage01: pass  (0.014s)
getrusage02: skip  (0.018s)
getsid01: pass  (0.017s)
gettid01: pass  (0.012s)
gettid02: pass  (0.023s)
gettimeofday02: pass  (10.026s)
getuid01: pass  (0.013s)
getuid03: pass  (0.013s)
getxattr01: pass  (0.014s)
ioprio_get01: pass  (0.013s)
ioprio_set01: skip  (0.013s)
ioprio_set02: pass  (0.013s)
kill02: pass  (10.044s)
kill03: pass  (0.012s)
kill06: pass  (0.034s)
kill08: pass  (0.034s)
lchown01: pass  (0.014s)
link02: pass  (0.014s)
link04: pass  (0.017s)
link05: pass  (0.095s)
link08: pass  (0.015s)
linkat01: pass  (0.012s)
listen01: pass  (0.006s)
listxattr01: pass  (0.013s)
listxattr03: pass  (0.014s)
llistxattr03: pass  (0.014s)
llseek02: pass  (0.013s)
llseek03: pass  (0.015s)
lseek01: pass  (0.013s)
lseek07: pass  (0.014s)
lstat01: pass  (0.014s)
lstat01_64: pass  (0.014s)
lstat02: pass  (0.016s)
lstat02_64: pass  (0.016s)
mallinfo02: pass  (0.015s)
mallinfo2_01: pass  (0.013s)
mallopt01: pass  (0.013s)
memset01: pass  (0.013s)
memcmp01: pass  (0.013s)
memcpy01: pass  (0.013s)
mkdir04: pass  (0.014s)
mkdirat01: pass  (0.008s)
mknod01: pass  (0.014s)
mknod02: pass  (0.014s)
mknod06: pass  (0.014s)
mknod08: pass  (0.014s)
mknod09: pass  (0.013s)
mknodat01: pass  (0.007s)
mmap01: pass  (0.018s)
mmap02: pass  (0.014s)
mmap03: pass  (0.019s)
mmap05: pass  (0.014s)
mmap06: pass  (0.014s)
mmap09: pass  (0.014s)
mmap15: pass  (0.013s)
mmap19: pass  (0.015s)
mmap21_01: pass  (0.019s)
mmap21_02: pass  (0.043s)
mprotect02: pass  (0.016s)
mprotect03: pass  (0.011s)
mprotect05: pass  (0.013s)
mremap01: pass  (0.032s)
mremap02: pass  (0.006s)
mremap03: pass  (0.006s)
mremap05: pass  (0.006s)
mremap07: skip  (0.013s)
msync01: pass  (0.007s)
msync02: pass  (0.008s)
munmap01: pass  (0.027s)
munmap03: pass  (0.012s)
nanosleep02: pass  (1.018s)
nice02: pass  (0.013s)
nice03: pass  (0.017s)
open01: pass  (0.014s)
open03: pass  (0.013s)
open07: pass  (0.014s)
open09: pass  (0.013s)
open15: pass  (0.016s)
openat01: pass  (0.014s)
newuname01: pass  (0.014s)
pathconf01: pass  (0.014s)
pidfd_getfd02: pass  (0.024s)
pidfd_open01: pass  (0.013s)
pidfd_open02: pass  (0.013s)
pidfd_open03: pass  (0.019s)
pidfd_open04: pass  (0.018s)
pipe01: pass  (0.013s)
pipe02: pass  (0.018s)
pipe03: pass  (0.012s)
pipe04: pass  (0.211s)
pipe05: pass  (0.007s)
pipe08: pass  (0.013s)
pipe09: pass  (0.014s)
pipe10: pass  (0.018s)
pipe11: pass  (0.315s)
pipe13: pass  (0.632s)
pipe14: pass  (0.013s)
pipeio_1: pass  (0.039s)
pipeio_2: pass  (0.040s)
pipeio_3: pass  (0.039s)
pipeio_4: pass  (0.039s)
pipeio_5: pass  (0.032s)
pipeio_6: pass  (0.032s)
pipeio_7: pass  (0.032s)
pipeio_8: pass  (0.031s)
poll01: pass  (0.013s)
poll03: pass  (0.012s)
poll04: pass  (0.013s)
ppoll01: pass  (0.328s)
prctl01: pass  (0.012s)
prctl02: pass  (0.013s)
prctl07: pass  (0.014s)
pread01: pass  (0.013s)
pread01_64: pass  (0.013s)
pread02: pass  (0.014s)
pread02_64: pass  (0.013s)
preadv01: pass  (0.014s)
preadv01_64: pass  (0.014s)
preadv201: pass  (0.014s)
preadv201_64: pass  (0.014s)
pselect02: pass  (0.015s)
pselect02_64: pass  (0.014s)
pselect03: pass  (0.014s)
pselect03_64: pass  (0.014s)
ptrace05: pass  (0.278s)
pwrite01: pass  (0.014s)
pwrite02: pass  (0.014s)
pwrite03: pass  (0.014s)
pwrite04: pass  (0.013s)
pwrite01_64: pass  (0.013s)
pwrite02_64: pass  (0.013s)
pwrite03_64: pass  (0.013s)
pwrite04_64: pass  (0.013s)
pwritev01: pass  (0.013s)
pwritev01_64: pass  (0.013s)
pwritev201: pass  (0.013s)
pwritev201_64: pass  (0.013s)
read01: pass  (0.013s)
read02: pass  (0.014s)
read04: pass  (0.014s)
readlink01: pass  (0.019s)
readlink03: pass  (0.017s)
readlinkat01: pass  (0.014s)
readlinkat02: pass  (0.013s)
readv01: pass  (0.015s)
removexattr01: pass  (0.006s)
rename01: pass  (0.017s)
rename03: pass  (0.016s)
rename04: pass  (0.017s)
rename05: pass  (0.016s)
rename06: pass  (0.016s)
rename07: pass  (0.016s)
rename08: pass  (0.015s)
rename09: pass  (0.014s)
rename10: pass  (0.016s)
rename12: pass  (0.017s)
rename13: pass  (0.016s)
rename14: pass  (5.064s)
rename15: pass  (0.018s)
renameat201: pass  (0.008s)
renameat202: pass  (0.009s)
rmdir01: pass  (0.013s)
rt_sigaction01: pass  (0.014s)
rt_sigaction02: pass  (0.010s)
rt_sigaction03: pass  (0.010s)
rt_sigprocmask01: pass  (0.007s)
rt_sigprocmask02: pass  (0.006s)
rt_sigsuspend01: pass  (1.076s)
sbrk01: pass  (0.012s)
sbrk02: pass  (0.042s)
sched_get_priority_max01: pass  (0.012s)
sched_get_priority_max02: pass  (0.013s)
sched_get_priority_min01: pass  (0.014s)
sched_get_priority_min02: pass  (0.013s)
sched_getparam01: pass  (0.035s)
sched_setparam01: pass  (0.017s)
sched_setparam03: skip  (0.019s)
sched_setscheduler04: pass  (0.035s)
sched_yield01: pass  (0.006s)
select01: skip  (0.034s)
select03: skip  (0.211s)
semctl07: pass  (0.012s)
semget01: pass  (0.013s)
semop03: pass  (0.065s)
sendfile02: pass  (0.013s)
sendfile02_64: pass  (0.014s)
sendfile03: pass  (0.014s)
sendfile03_64: pass  (0.014s)
sendfile04: pass  (0.014s)
sendfile04_64: pass  (0.014s)
sendfile05: pass  (0.014s)
sendfile05_64: pass  (0.014s)
sendfile06: pass  (0.014s)
sendfile06_64: pass  (0.014s)
sendfile07: pass  (0.348s)
sendfile07_64: pass  (0.347s)
sendfile08: pass  (0.014s)
sendfile08_64: pass  (0.013s)
sendfile09: skip  (0.014s)
sendfile09_64: skip  (0.013s)
sendmmsg02: pass  (0.018s)
set_robust_list01: pass  (0.006s)
setdomainname01: pass  (0.017s)
setdomainname02: pass  (0.017s)
setdomainname03: pass  (0.019s)
setfsgid01: pass  (0.013s)
setfsgid02: pass  (0.013s)
setfsgid03: pass  (0.007s)
setfsuid01: pass  (0.013s)
setfsuid02: pass  (0.013s)
setfsuid03: pass  (0.013s)
setfsuid04: pass  (0.017s)
setgid01: pass  (0.013s)
setgid02: pass  (0.013s)
setgid03: pass  (0.013s)
setegid01: pass  (0.013s)
setegid02: pass  (0.013s)
setgroups01: pass  (0.013s)
setgroups02: pass  (0.012s)
sethostname01: pass  (0.017s)
sethostname02: pass  (0.017s)
sethostname03: pass  (0.019s)
setitimer02: pass  (0.014s)
setpgid01: pass  (0.018s)
setpgrp01: pass  (0.011s)
setpgrp02: pass  (0.018s)
setregid01: pass  (0.013s)
setregid02: pass  (0.013s)
setregid03: pass  (0.018s)
setregid04: pass  (0.013s)
setresgid01: pass  (0.013s)
setresgid02: pass  (0.013s)
setresgid03: pass  (0.013s)
setresuid01: pass  (0.013s)
setresuid02: pass  (0.013s)
setresuid03: pass  (0.012s)
setresuid04: pass  (0.019s)
setreuid01: pass  (0.013s)
setreuid02: pass  (0.014s)
setreuid03: pass  (0.013s)
setreuid04: pass  (0.018s)
setreuid05: pass  (0.018s)
setreuid06: pass  (0.013s)
setreuid07: pass  (0.019s)
setrlimit02: pass  (0.013s)
setrlimit03: pass  (0.012s)
setrlimit04: pass  (0.022s)
setrlimit05: pass  (0.018s)
setsid01: pass  (1.018s)
setsockopt03: pass  (0.013s)
setuid01: pass  (0.012s)
setuid03: pass  (0.013s)
setuid04: pass  (0.019s)
sigaction02: pass  (0.006s)
sigaltstack01: pass  (0.007s)
sigaltstack02: pass  (0.014s)
signal02: pass  (0.012s)
signal03: pass  (0.014s)
signal04: pass  (0.014s)
signal05: pass  (0.015s)
signalfd01: pass  (0.013s)
signalfd02: pass  (0.014s)
signalfd4_01: pass  (0.006s)
signalfd4_02: pass  (0.006s)
sigpending02: skip  (0.022s)
sigprocmask01: pass  (0.007s)
sigrelse01: pass  (0.019s)
sigsuspend01: pass  (1.059s)
sigsuspend02: pass  (0.013s)
socket02: pass  (0.013s)
socketpair02: pass  (0.014s)
stat02: pass  (0.014s)
stat02_64: pass  (0.014s)
string01: pass  (0.007s)
symlink02: pass  (0.013s)
symlink03: pass  (0.007s)
symlink04: pass  (0.014s)
symlinkat01: pass  (0.010s)
syscall01: pass  (0.013s)
sysconf01: pass  (0.006s)
sysinfo01: pass  (0.013s)
sysinfo02: pass  (0.012s)
tgkill01: pass  (0.041s)
tgkill03: pass  (0.016s)
time01: pass  (0.012s)
times01: pass  (0.012s)
timerfd01: pass  (0.939s)
timerfd02: pass  (0.013s)
timerfd_create01: pass  (0.013s)
timer_create03: pass  (0.013s)
timer_delete02: pass  (0.013s)
tkill01: pass  (0.013s)
tkill02: pass  (0.013s)
truncate02: pass  (0.014s)
truncate02_64: pass  (0.013s)
ulimit01: pass  (0.012s)
umask01: pass  (0.069s)
uname01: pass  (0.013s)
uname02: pass  (0.013s)
uname04: pass  (0.013s)
unlink05: pass  (0.014s)
unlink07: pass  (0.014s)
unlink08: pass  (0.030s)
unlink10: pass  (0.014s)
unlinkat01: pass  (0.016s)
unshare04: pass  (0.019s)
utime07: pass  (0.014s)
vfork01: pass  (0.015s)
vfork02: pass  (0.014s)
wait01: pass  (0.013s)
wait02: pass  (0.017s)
waitpid03: pass  (0.112s)
waitpid06: pass  (0.051s)
waitpid07: pass  (0.053s)
waitpid09: pass  (0.024s)
waitpid11: pass  (0.051s)
waitpid12: pass  (0.054s)
waitid01: pass  (0.018s)
waitid02: pass  (0.013s)
waitid03: pass  (0.013s)
waitid04: pass  (0.019s)
waitid05: pass  (0.018s)
waitid06: pass  (0.018s)
waitid08: pass  (0.019s)
waitid09: pass  (0.017s)
waitid11: pass  (0.018s)
write01: pass  (0.123s)
write02: pass  (0.015s)
write03: pass  (0.014s)
write06: pass  (0.014s)
writev02: pass  (0.007s)
writev05: pass  (0.006s)
writev06: pass  (0.007s)
futex_wait01: pass  (0.015s)
futex_wait02: pass  (0.019s)
futex_wait03: pass  (0.015s)
futex_wait04: pass  (0.014s)
futex_wake01: pass  (0.013s)
futex_wake02: pass  (0.072s)
futex_wake03: pass  (0.240s)
futex_wait_bitset01: pass  (0.215s)
statx02: pass  (0.014s)
statx03: pass  (0.014s)

Execution time: 4m 3s

Disconnecting from SUT: default

Target information
──────────────────
Kernel:   Linux 5.13.0 #1 SMP Thu Jan  1 00:00:00 UTC 1970
Cmdline:  SHELL=/bin/sh
          LOGNAME=root
          HOME=/
          USER=root
          PATH=/bin:/benchmark
          init=/init
          loglevel=error
          earlycon
          console=hvc0
          CONFORMANCE_TEST_SUITE=ltp
          CONFORMANCE_TEST_WORKDIR=/tmp
          CONFORMANCE_TEST_EXTRA_BLOCKLISTS=
          CONFORMANCE_TEST_SELECTOR=
          CONFORMANCE_TEST_GVISOR_FILTER=
          --
          sh
          -l
          /opt/run_conformance_test.sh
Machine:  unknown
Arch:     x86_64
RAM:      8281204 kB
Swap:     0 kB
Distro:   unknown unknown

────────────────────────
      TEST SUMMARY
────────────────────────
Suite:   syscalls
Runtime: 3m 17s
Runs:    544

Results:
    Passed:   2695
    Failed:   0
    Broken:   0
    Skipped:  52
    Warnings: 0

Session stopped
All conformance tests passed.
MAKE_EXIT=0
